node.exe : PASS src/__tests__/unit/lib/scoreHighlights/l3ContentAddendum.test.ts (6.114 s)
At line:1 char:1
+ & "C:\Program Files\nodejs/node.exe" "C:\Program Files\nodejs/node_mo ...
+ ~~~~~~~~~~~~~~~~~~~~~~~~~~~~~~~~~~~~~~~~~~~~~~~~~~~~~~~~~~~~~~~~~~~~~
    + CategoryInfo          : NotSpecified: (PASS src/__test...st.ts (6.114 s):String) [], RemoteException
    + FullyQualifiedErrorId : NativeCommandError
 
  resolveGovernedL3Content ΓÇö Addendum v1.1
    ΓêÜ binds Nutri-Score grade from the fired adjustment ID and uses the locked grade label (65 ms)
    ΓêÜ suppresses the S27 Health Star Rating cross-link until the destination exists (2 ms)
    ΓêÜ shows all four NOVA groups and WHO/Deakin context only for Group 4 (11 ms)
    ΓêÜ cites the Open Food Facts NOVA URL for every group (2 ms)
    ΓêÜ Green-Score L3 carries the experimental caveat and no legacy Eco-Score decomposition (3 ms)
    ΓêÜ Packaging L3 requires jurisdiction and uses the locked disposition labels (32 ms)
    ΓêÜ KTC and BBFAW fail closed without required benchmark tokens (3 ms)
    ΓêÜ BBFAW prominent line binds Tier and Impact together and omits a missing counterpart (5 ms)
    ΓêÜ organic claim-only L3 never presents the product as certified (5 ms)
    ΓêÜ organic claim-only L3 exposes Update certification CTA only when contribution route is live (1 ms)
    ΓêÜ ingredient wording binds matched terms without requiring a market token (2 ms)
    ΓêÜ coded ingredient wording shows decoded names only where metadata supplies them (1 ms)
    ΓêÜ mixed ingredient wording fails closed without per-term classification (1 ms)
    ΓêÜ zero-flag ingredient wording L3 needs no matched-term metadata (1 ms)
    ΓêÜ suppresses the ingredient contribution fragment until the route is live (1 ms)
    ΓêÜ never leaks a literal [here] token or the app name into consumer L3 (1 ms)
    ΓêÜ does not leak prohibited legacy snippets across Green-Score / NOVA 4 content (5 ms)
  resolveInAppL3Route coverage
    ΓêÜ maps every addendum family to its authorised in-app title (2 ms)

PASS src/__tests__/unit/lib/scoreHighlights/selectScoreHighlights.test.ts (8.368 s)
  Body colour-warning synthesis
    ΓêÜ replaces one fired colour with a single ΓêÆ3 presentation candidate bound to that ID (28 ms)
    ΓêÜ uses the locked two-colour L2 and ΓêÆ6 presentation materiality (14 ms)
    ΓêÜ uses the locked three-colour L2 and ΓêÆ9 presentation materiality (3 ms)
    ΓêÜ leaves non-family additives as their own independent stories (14 ms)
  overall S12 promotion cap
    ΓêÜ promotes at most one positive and one negative per pillar (9 ms)
    ΓêÜ leaves a side absent rather than padding when no eligible finding fired (2 ms)
    ΓêÜ renders nothing rather than manufacturing a story when the ledger has no eligible rows (2 ms)
  S12a completeness and eligibility
    ΓêÜ shows every eligible story for the pillar, including ones not promoted overall (8 ms)
    ΓêÜ excludes base rows, rescues, normalisers and ineligible NOVA provenance states (3 ms)
    ΓêÜ keeps eligible external NOVA 1 while excluding the inferred and unknown states (7 ms)
    ΓêÜ fails closed on an unknown fired adjustment ID and on rows with no stable ID (3 ms)
  locked tie-break determinism
    ΓêÜ resolves the Ethics +6 three-way tie by locked registry priority (1 ms)
    ΓêÜ is independent of ledger array order (3 ms)
    ΓêÜ ranks Origins qualified/unquantified partial above two-term ingredient wording at ΓêÆ4 (3 ms)
    ΓêÜ ranks E250 above NOVA 4 and above the two-colour cluster at ΓêÆ6 (1 ms)
    ΓêÜ ranks the two-colour cluster above NOVA 4 when E250 did not fire (1 ms)
  governed copy resolution
    ΓêÜ resolves locked Ethics benchmark tokens from the fired-row metadata (3 ms)
    ΓêÜ withholds a story whose locked template token cannot be resolved from metadata (6 ms)
    ΓêÜ resolves the Planet jurisdiction token from the fired packaging row (8 ms)
    ΓêÜ selects the locked organic claim-only copy from the evidence-class metadata (2 ms)
  Body additive in-app L3 routing
    ΓêÜ routes Body additive stories to in-app About these additives when available (1 ms)
    ΓêÜ falls back to no L3 route when in-app L3 is unavailable (1 ms)
  Open Origins Product Origins L3 routing
    ΓêÜ deep-links Open origins stories into the Product Origins experience when available (1 ms)
    ΓêÜ falls back to no L3 route when Product Origins deep-link is unavailable (1 ms)
  Addendum v1.0 governed in-app L3 routing (no external substitute)
    ΓêÜ routes body-v12-nutri-a to in-app nutri_score (2 ms)
    ΓêÜ routes body-v12-nova-3 to in-app nova (1 ms)
    ΓêÜ routes body-v12-nova-4 to in-app nova (1 ms)
    ΓêÜ routes planet-v19-environmental-b to in-app green_score (1 ms)
    ΓêÜ routes planet-v19-packaging-all-kerbside to in-app packaging (1 ms)
    ΓêÜ routes ethics-v37-cert-fairtrade to in-app ethics_fairtrade (1 ms)
    ΓêÜ routes ethics-v37-cert-rainforest-alliance to in-app ethics_rainforest (1 ms)
    ΓêÜ routes ethics-v37-cert-msc to in-app ethics_msc (1 ms)
    ΓêÜ routes ethics-v37-cert-asc to in-app ethics_asc (1 ms)
    ΓêÜ routes ethics-v37-cert-organic to in-app ethics_organic (1 ms)
    ΓêÜ routes ethics-v37-ktc-71-80 to in-app ethics_ktc (1 ms)
    ΓêÜ routes ethics-v37-bbfaw-tier-3 to in-app ethics_bbfaw (1 ms)
    ΓêÜ routes open-v15-ing-clarity-one to in-app ingredient_wording
    ΓêÜ routes open-v15-ing-clarity-zero to in-app ingredient_wording (1 ms)
  Open structured-metadata L2 variants
    ΓêÜ uses locked broad one-term copy from metadata without a market token (1 ms)
    ΓêÜ withholds clarity stories when the metadata variant cannot be resolved (1 ms)
    ΓêÜ withholds the coded clarity story when no decoded additive name is governed (1 ms)
  no description-string matching
    ΓêÜ resolves consumer copy from stable IDs even when descriptions are absent or misleading (1 ms)
    ΓêÜ never receives an adjustment description in the selection input (1 ms)

PASS src/__tests__/unit/lib/scoreHighlights/contextualContributionPrompts.test.ts
  consumerPillarLabel
    ΓêÜ applies the founder naming disposition for Ethics and Open only (2 ms)
    ΓêÜ inventories the active in-app consumer labels in render order (2 ms)
  selectContextualContributionPrompts ΓÇö base state
    ΓêÜ renders the Base prompt when no non-base score-moving adjustment fired (10 ms)
    ΓêÜ binds [PILLAR] to the consumer label for Ethics and Open (2 ms)
    ΓêÜ suppresses the specific missing-element prompts while Base owns the pillar state (4 ms)
    ΓêÜ ignores fired rows from other pillars (13 ms)
  selectContextualContributionPrompts ΓÇö Body Nutri-Score
    ΓêÜ renders when no usable Nutri fired but another non-base Body element did (7 ms)
    ΓêÜ counts the Highlight-ineligible Whole Produce rescue as score movement (1 ms)
    ΓêÜ does not render when a usable Nutri grade fired (1 ms)
  selectContextualContributionPrompts ΓÇö Open
    ΓêÜ renders the ingredient prompt when no clarity adjustment fired (1 ms)
    ΓêÜ does not render the ingredient prompt when the zero-flag clarity state scored (1 ms)
    ΓêÜ renders both Open prompts together in a non-base state (2 ms)
  contextual prompt route-bound copy
    ΓêÜ suppresses the whole action fragment while the contribution route is not live (78 ms)
    ΓêÜ exposes the split action fragment once the route is live and never a literal [here] (2 ms)
    ΓêÜ carries presentation keys that are never scoring adjustment IDs (2 ms)

PASS src/__tests__/unit/lib/claims/claimsCorrective.regression.test.ts (9.722 s)
  Claims corrective pass regressions
    ΓêÜ CR-01: OFF product name does not leak into unintended A/B recognition (94 ms)
    ΓêÜ CR-01/05: OFF labels can establish governed A/B claims and never as user_confirmation (202 ms)
    ΓêÜ CR-03: no added sugar / sugars / without added sugar survive X-001 (4 ms)
    ΓêÜ CR-03: no added salt / no salt added both match B-SOD-002 (3 ms)
    ΓêÜ CR-03: unrelated Organic survives when another phrase meets an exclusion (2 ms)
    ΓêÜ CR-02: Organic product-name claim-only +1 (founder-accepted edge) (4 ms)
    ΓêÜ CR-14: Certified Organic suppresses claim-only with S28 reason (6 ms)
    ΓêÜ CR-07: scored + incomplete coverage coexistence; contribution still possible (3 ms)
    ΓêÜ CR-09: dual Packet Context + Organic event commentary bindings (3 ms)
    ΓêÜ CR-08: both nutrient version identities always present (25 ms)
    ΓêÜ CR-10: display escaping; observed_text immutable (6 ms)
    ΓêÜ CR-12: R-013 combination supersedes component hits (4 ms)
    ΓêÜ CR-12: contains vitamins and minerals ΓåÆ one A-VMC-002 (2 ms)
    ΓêÜ CR-12: high in vitamins and minerals ΓåÆ one A-VMC-002 (1 ms)
    ΓêÜ CR-12: vitamins and minerals ΓåÆ one A-VMC-001 (1 ms)
    ΓêÜ CR-12: unrelated equal-priority ambiguity with no governed precedence fails closed (1 ms)
    ΓêÜ CR-13: singular/plural bounded lists (1 ms)
    ΓêÜ CR-06: Organic L3 founder copy ΓÇö no live CTA when contribution route gate is false (3 ms)
    ΓêÜ CR-06: Organic L3 Update certification CTA when contribution route gate is true (1 ms)
    ΓêÜ CR-06: ordinary-user Claims nomenclature ΓÇö View nutrition details (30 ms)
    ΓêÜ CR-11: Harry's Protein Bar product name ΓåÆ no protein A/B (1 ms)
    ΓêÜ CR-11/X-020: NIP-sourced 20 g protein ΓåÆ outside claim universe (1 ms)
    ΓêÜ CR-11: voluntary front-of-pack 20 g protein per serve ΓåÆ A-PRO-004 (1 ms)
    ΓêÜ CR-11/X-011: Protein Bar + 20 g protein per serve ΓåÆ A-PRO-004 survives (1 ms)
    ΓêÜ CR-11/X-009: Organic Sea Salt Chips ΓÇö no sodium claim; Organic survives (2 ms)
    ΓêÜ CR-11/X-007: plant protein does not erase independent high protein (2 ms)
    ΓêÜ X-020: OFF labels remain valid; allergen/legal source does not create claims (3 ms)
    ΓêÜ X-021: unlisted adjective suppresses protein candidate only (3 ms)
    ΓêÜ X-022: comparative V/M suppresses V/M only; sugar claim survives (2 ms)
    ΓêÜ X-024: founder-dispositioned diagnostic; product-name Organic may still fire (1 ms)
    ΓêÜ CR-08: legacy assessment.standardId does not override controlling reference asset (2 ms)
    ΓêÜ CR-10: single-pass escape through productObservations ΓåÆ matchRegister (3 ms)
    ΓêÜ OFF provenance: labels vs labels_en preserved in source_locator (1 ms)

PASS src/__tests__/unit/lib/scoreHighlights/pipelineResolvedCopy.closedSet.test.ts
  literal copy contract ΓÇö oracle independence
    ΓêÜ the contract fixture does not import any runtime copy source (7 ms)
    ΓêÜ covers every Highlight-eligible registry ID, and only those (3 ms)
    ΓêÜ has a unique key per ID/variant pair (1 ms)
    ΓêÜ keeps instruction-derived rows to the locked exception list (1 ms)
    ΓêÜ does not make latent Open Origins states reachable in the OFF MVP scorer registry (1 ms)
  closed-set pipeline-resolved L1/L2 equals the independent literal contract
    ΓêÜ Body:body-v12-nutri-a (9 ms)
    ΓêÜ Body:body-v12-nutri-b (2 ms)
    ΓêÜ Body:body-v12-nutri-c (4 ms)
    ΓêÜ Body:body-v12-nutri-d (2 ms)
    ΓêÜ Body:body-v12-nutri-e (3 ms)
    ΓêÜ Body:body-v12-nova-1-off (3 ms)
    ΓêÜ Body:body-v12-nova-2 (20 ms)
    ΓêÜ Body:body-v12-nova-3 (3 ms)
    ΓêÜ Body:body-v12-nova-4 (3 ms)
    ΓêÜ Body:body-v12-additive-e171 (3 ms)
    ΓêÜ Body:body-v12-additive-e250 (2 ms)
    ΓêÜ Body:body-v12-additive-e951 (12 ms)
    ΓêÜ Body:body.additives.colour_warning_cluster:one-colour:body-v12-additive-e102 (7 ms)
    ΓêÜ Body:body.additives.colour_warning_cluster:one-colour:body-v12-additive-e110 (6 ms)
    ΓêÜ Body:body.additives.colour_warning_cluster:one-colour:body-v12-additive-e129 (3 ms)
    ΓêÜ Body:body.additives.colour_warning_cluster:two-colour (2 ms)
    ΓêÜ Body:body.additives.colour_warning_cluster:three-colour (4 ms)
    ΓêÜ Planet:planet-v19-environmental-a (4 ms)
    ΓêÜ Planet:planet-v19-environmental-b (1 ms)
    ΓêÜ Planet:planet-v19-environmental-c (3 ms)
    ΓêÜ Planet:planet-v19-environmental-d (1 ms)
    ΓêÜ Planet:planet-v19-environmental-e (1 ms)
    ΓêÜ Planet:planet-v19-packaging-all-kerbside:AU (2 ms)
    ΓêÜ Planet:planet-v19-packaging-some-kerbside:AU (2 ms)
    ΓêÜ Planet:planet-v19-packaging-all-kerbside:NZ (2 ms)
    ΓêÜ Planet:planet-v19-packaging-some-kerbside:NZ (2 ms)
    ΓêÜ Ethics:ethics-v37-ktc-0-10:product-owner-proven (2 ms)
    ΓêÜ Ethics:ethics-v37-ktc-0-10:company-substituted (5 ms)
    ΓêÜ Ethics:ethics-v37-ktc-11-20:product-owner-proven (2 ms)
    ΓêÜ Ethics:ethics-v37-ktc-11-20:company-substituted (2 ms)
    ΓêÜ Ethics:ethics-v37-ktc-21-30:product-owner-proven (3 ms)
    ΓêÜ Ethics:ethics-v37-ktc-21-30:company-substituted (2 ms)
    ΓêÜ Ethics:ethics-v37-ktc-31-50:product-owner-proven (2 ms)
    ΓêÜ Ethics:ethics-v37-ktc-31-50:company-substituted (1 ms)
    ΓêÜ Ethics:ethics-v37-ktc-51-70:product-owner-proven (2 ms)
    ΓêÜ Ethics:ethics-v37-ktc-51-70:company-substituted (5 ms)
    ΓêÜ Ethics:ethics-v37-ktc-71-80:product-owner-proven (1 ms)
    ΓêÜ Ethics:ethics-v37-ktc-71-80:company-substituted (4 ms)
    ΓêÜ Ethics:ethics-v37-ktc-81-90:product-owner-proven (2 ms)
    ΓêÜ Ethics:ethics-v37-ktc-81-90:company-substituted (4 ms)
    ΓêÜ Ethics:ethics-v37-ktc-91-100:product-owner-proven (1 ms)
    ΓêÜ Ethics:ethics-v37-ktc-91-100:company-substituted (1 ms)
    ΓêÜ Ethics:ethics-v37-bbfaw-tier-1 (5 ms)
    ΓêÜ Ethics:ethics-v37-bbfaw-tier-2 (2 ms)
    ΓêÜ Ethics:ethics-v37-bbfaw-tier-3 (17 ms)
    ΓêÜ Ethics:ethics-v37-bbfaw-tier-4 (2 ms)
    ΓêÜ Ethics:ethics-v37-bbfaw-tier-5 (4 ms)
    ΓêÜ Ethics:ethics-v37-bbfaw-tier-6 (2 ms)
    ΓêÜ Ethics:ethics-v37-bbfaw-impact-ab (2 ms)
    ΓêÜ Ethics:ethics-v37-bbfaw-impact-cd (1 ms)
    ΓêÜ Ethics:ethics-v37-bbfaw-impact-ef (2 ms)
    ΓêÜ Ethics:ethics-v37-cert-fairtrade (1 ms)
    ΓêÜ Ethics:ethics-v37-cert-rainforest-alliance (1 ms)
    ΓêÜ Ethics:ethics-v37-cert-asc (1 ms)
    ΓêÜ Ethics:ethics-v37-cert-msc (1 ms)
    ΓêÜ Ethics:ethics-v37-cert-organic:certified (1 ms)
    ΓêÜ Ethics:claims.organic.claim_only.v1 (2 ms)
    ΓêÜ Ethics:claims.packet_context.positive.v1 (1 ms)
    ΓêÜ Ethics:claims.packet_context.adverse.v1 (1 ms)
    ΓêÜ Open:open-v15-ing-clarity-zero (3 ms)
    ΓêÜ Open:open-v15-ing-clarity-one:broad_generic (3 ms)
    ΓêÜ Open:open-v15-ing-clarity-one:coded (5 ms)
    ΓêÜ Open:open-v15-ing-clarity-two:broad_generic (2 ms)
    ΓêÜ Open:open-v15-ing-clarity-two:coded (2 ms)
    ΓêÜ Open:open-v15-ing-clarity-two:mixed (1 ms)
    ΓêÜ Open:open-v15-ing-clarity-three-plus:broad_generic (3 ms)
    ΓêÜ Open:open-v15-ing-clarity-three-plus:coded (2 ms)
    ΓêÜ Open:open-v15-ing-clarity-three-plus:mixed (2 ms)
    ΓêÜ Open:open-v15-origins-evidently-complete (1 ms)
    ΓêÜ Open:open-v15-origins-evidently-complete:single-ingredient (16 ms)
    ΓêÜ Open:open-v15-origins-pct-95-99 (2 ms)
    ΓêÜ Open:open-v15-origins-pct-76-94 (3 ms)
    ΓêÜ Open:open-v15-origins-pct-50-75 (3 ms)
    ΓêÜ Open:open-v15-origins-pct-25-49 (2 ms)
    ΓêÜ Open:open-v15-origins-pct-1-24 (2 ms)
    ΓêÜ Open:open-v15-origins-qualified-partial (1 ms)
    ΓêÜ Open:open-v15-origins-packet-gap (1 ms)
    ΓêÜ only the locked set of rows differs from the founder text by apostrophe/quote glyph (5 ms)
    ΓêÜ resolves the founder template tokens rather than echoing them (16 ms)
  governed token binding fails closed
    ΓêÜ withholds qualified-partial origins without a packet statement (2 ms)
    ΓêÜ withholds the KTC story when no benchmarked company can be named (1 ms)
    ΓêÜ withholds the KTC story when the benchmark year cannot be established (1 ms)
    ΓêÜ withholds an ingredient-clarity story when the governed variant cannot be resolved (1 ms)
    ΓêÜ withholds packaging copy when no active jurisdiction is bound (2 ms)

PASS src/__tests__/unit/services/ethicsCertificationsService.test.ts
  ethicsCertificationsService
    ΓêÜ no labels ΓåÆ no adjustment (10 ms)
    ΓêÜ Fairtrade tag ΓåÆ +6 (3 ms)
    ΓêÜ Fairtrade + RSPO ΓåÆ Fairtrade 6; RSPO not Ethics-eligible (2 ms)
    ΓêÜ RSPO only ΓåÆ no Ethics certification points (2 ms)
    ΓêÜ Rainforest Alliance ΓåÆ +6 (2 ms)
    ΓêÜ UTZ ΓåÆ +6 (same Rainforest Alliance/UTZ scheme) (2 ms)
    ΓêÜ en:organic ΓåÆ +3 (2 ms)
    ΓêÜ en:aco-certified-organic ΓåÆ Organic +3 (1 ms)
    ΓêÜ label text ACO certified organic ΓåÆ Organic +2 (5 ms)
    ΓêÜ labels_hierarchy en:organic only (no labels_tags) ΓåÆ Organic +3 (2 ms)
    ΓêÜ label text Canada Organic ΓåÆ Organic +2 (2 ms)
    ΓêÜ label text T├║n certified organic ΓåÆ Organic +2 (diacritic normalisation) (16 ms)
    ΓêÜ label text Catalan Council of Organic Production ΓåÆ Organic +2 (1 ms)
    ΓêÜ product name Organic Greek Yoghurt, no OFF organic label ΓåÆ Organic +2 (1 ms)
    ΓêÜ product name containing non-organic ΓåÆ no Organic +2 (1 ms)
    ΓêÜ ingredients_text organic milk only ΓåÆ no Organic +2 (1 ms)
    ΓêÜ Fairtrade + en:organic ΓåÆ Fairtrade wins (+6) (2 ms)
    ΓêÜ EU organic tag ΓåÆ +3 (1 ms)
    ΓêÜ MSC OFF tag without API validation ΓåÆ no MSC credit (3 ms)
    ΓêÜ MSC with API validated true ΓåÆ +4 (1 ms)
    ΓêÜ MSC API false ΓåÆ no credit even with OFF label (1 ms)
  normalizeEthicsOrganicText
    ΓêÜ strips diacritics for matching (1 ms)

PASS src/__tests__/unit/lib/scoreHighlights/openGovernedCopy.test.ts
  resolveOpenGovernedCopy
    ΓêÜ resolves one broad/generic clarity variant without requiring a market token (3 ms)
    ΓêÜ resolves one coded clarity variant with decoded plain name (2 ms)
    ΓêÜ fail-closes the coded variant when no decoded additive name is supplied (1 ms)
    ΓêÜ fail-closes any clarity variant without a governed presentation class (1 ms)
    ΓêÜ resolves two broad terms from the locked two-flag copy (2 ms)
    ΓêÜ resolves the two-flag mixed clarity variant (3 ms)
    ΓêÜ resolves three-plus broad terms as a governed list (1 ms)
    ΓêÜ resolves single-ingredient and generic evidently complete origins to the same locked copy (1 ms)
    ΓêÜ resolves zero-flag ingredient-clarity copy from the locked 5 September strings (1 ms)

PASS src/__tests__/unit/lib/claims/aVmc003.r013.test.ts
  Machine Register match_types + A-VMC-003 / R-013
    ΓêÜ register exposes all governed match_type values (2 ms)
    ΓêÜ positive: two distinct members ΓåÆ one A-VMC-003 combination observation (123 ms)
    ΓêÜ positive: alias collision collapses to one canonical member (no false combination) (56 ms)
    ΓêÜ negative: single member does not fire A-VMC-003 (2 ms)
    ΓêÜ negative: unlisted look-alike targets do not invent members (2 ms)
    ΓêÜ collision: combination supersedes individual vitamin/mineral hits on same statement (2 ms)
    ΓêÜ R-013 scoring: combination yields one Packet Context event, not per-member events (6 ms)
    ΓêÜ CR-12 residual: contains vitamins and minerals ΓåÆ A-VMC-002 not fail-closed (2 ms)
    ΓêÜ CR-12 residual: vitamins and minerals alone ΓåÆ A-VMC-001 (2 ms)

PASS src/__tests__/unit/lib/scoreHighlights/lookThroughEmptyState.test.ts
  look-through empty state renders nothing manufactured
    ΓêÜ no consumer surface carries the legacy empty-state sentence (2 ms)
    ΓêÜ ScoreHighlightsList no longer accepts or defaults any empty-state copy (1 ms)
    ΓêÜ fails closed when neither an eligible Highlight nor a contextual prompt qualifies (1 ms)
    ΓêÜ lets the contextual prompt stand alone, with no parallel empty text beside it (2 ms)
    ΓêÜ leaves the promoted Result list untouched when eligible stories exist (1 ms)

PASS src/__tests__/unit/lib/scoreHighlights/literalCopyContract.mutation.test.ts
  literal copy contract mutation demonstration
    ΓêÜ a mutated governed L1 fails against the hand-authored contract (112 ms)
    ΓêÜ a mutated governed L2 fails against the hand-authored contract (24 ms)
    ΓêÜ the un-mutated pipeline still matches the contract, so no mutation leaked

PASS src/__tests__/unit/lib/pillars/ethicsPillar.test.ts (12.359 s)
  Ethics Pillar Calculation (BBFAW + KTC + certifications)
    ΓêÜ should start at base score 15 when no BBFAW match (91 ms)
    ΓêÜ should apply nil return when brand not in BBFAW (17 ms)
    ΓêÜ should use brand_owner over brands for BBFAW lookup (11 ms)
    ΓêÜ should resolve alias "M&S" to Marks & Spencer PLC via BBFAW mapping (4 ms)
    ΓêÜ should resolve alias "Batchelors" to Premier Foods PLC via BBFAW mapping (8 ms)
    ΓêÜ should try second brand when first fails (Unknown, Activia) (14 ms)
    ΓêÜ should match Nestl├⌐ with accent via parent_entity_exact indexing (4 ms)
    ΓêÜ should require exact match - Unilever does not match Unilever NV (4 ms)
    ΓêÜ should apply BBFAW Tier 2 + Impact B for Marks & Spencer (8 ms)
    ΓêÜ should apply BBFAW Tier 2 for Greggs (4 ms)
    ΓêÜ should apply BBFAW Tier 3 for Groupe Danone (3 ms)
    ΓêÜ should apply BBFAW Tier 6 penalty for Tyson Foods (16 ms)
    ΓêÜ should cap score at 0 (2 ms)
    ΓêÜ should cap score at 25 (5 ms)
    ΓêÜ should add certifications (max scheme) when BBFAW does not apply (23 ms)
    Wave 3 stable adjustment IDs (v37)
      ΓêÜ base row fires as ethics-v37-base and is never highlight-eligible (2 ms)
      ΓêÜ BBFAW Tier and Impact stay separate fired rows with same-cycle metadata (3 ms)
      ΓêÜ negative BBFAW tier and impact fire their locked IDs (1 ms)
      ΓêÜ KTC band ID matches the governed score band and carries year/company/score metadata (2 ms)
      ΓêÜ KTC band IDs and v37 point weights agree across every band boundary (6 ms)
      ΓêÜ winning certification fires its locked ID with packet-evidence metadata (2 ms)
      ΓêÜ organic certified OFF tags score +3 with certified evidence class (8 ms)
      ΓêÜ cap normaliser fires only when the cap changes the score (4 ms)
      ΓêÜ floor normaliser fires only when the floor changes the score (3 ms)
      ΓêÜ no RSPO or superseded certification ID exists in the registry (1 ms)
      ΓêÜ highlight-eligible registry entries carry locked L1/L2 commentary (6 ms)

PASS src/__tests__/unit/config/scoreDiagnostics.test.ts
  scoreDiagnostics P1-C fail-closed
    ΓêÜ missing env defaults OFF (4 ms)
    ΓêÜ only exact "1" entitles (1 ms)
    ΓêÜ entitled + local Off hides entry; On shows (12 ms)
    ΓêÜ store release + entitled throws (27 ms)
    ΓêÜ uat entitled does not throw (1 ms)

PASS src/__tests__/unit/lib/claims/claimsS28.contract.test.ts
  S28 Claims diagnostic surface contracts
    ΓêÜ S28-01..07: modal renders Claims assessment fields (not attachment-only) (3 ms)
    ΓêÜ S28-08: ordinary release path remains dual-gated (24 ms)

PASS src/__tests__/unit/lib/claims/claimsRescue.negativeAssurance.test.ts (12.547 s)
  Claims Rescue Section 16 negative assurance
    Recognition boundary
      ΓêÜ typos / look-alike synonyms do not match (204 ms)
      ΓêÜ case/punctuation/pluralisation resolve only via R-004 normalisation (5 ms)
      ΓêÜ ingredient-level organic excluded (2 ms)
    Evidence honesty
      ΓêÜ live product path without admissions fails closed for Set A/B (5 ms)
      ΓêÜ pending coverage never yields assessed_neutral (1 ms)
    Arithmetic
      ΓêÜ +1 and -3 exclusivity; no stacking (4 ms)
      ΓêÜ Organic claim-only suppressed by Certified Organic (1 ms)
    Nutrient boundary
      ΓêÜ Moderate / exact High threshold equality do not adverse-trigger (2 ms)
      ΓêÜ missing sodium blocks +1 (2 ms)
    State integrity
      ΓêÜ no +0 Claims fired ledger event for assessed_neutral (2 ms)
      ΓêÜ offsetting arithmetic retains assessed_scored (12 ms)
    Commentary / access control
      ΓêÜ no raw tokens; adverse copy retains non-allegation qualification (2 ms)
      ΓêÜ S28 inaccessible without build entitlement (1 ms)

PASS src/__tests__/unit/lib/scoreHighlights/l3HostPresentation.test.ts
  planInAppL3HostPresentation ΓÇö no look-through stacking under L3
    ΓêÜ dismisses the look-through Modal before every in-app L3 presentation (6 ms)
    ΓêÜ preserves product_origins scroll host behaviour and modal hosts for L3 content (2 ms)

PASS src/__tests__/unit/lib/scoreHighlights/consumerPillarNomenclature.test.ts (14.683 s)
  canonical consumer pillar labels
    ΓêÜ maps the internal pillar keys to the founder-locked consumer names (23 ms)
    ΓêÜ never emits a pillar name that is itself a leak (3 ms)
  live consumer surfaces cannot render Ethics or Open as pillar names
    ΓêÜ share content for every share item is clean (23 ms)
    ΓêÜ the share card message and card data are clean, and use the consumer labels (4 ms)
    ΓêÜ the platform-optimised variants stay clean (5 ms)
    ΓêÜ the Claims-pillar banner alerts name the consumer pillar (5 ms)
    ΓêÜ governed Score Highlights copy and contextual prompts are clean (19 ms)
  English locale bundle carries no consumer pillar-name leak
    ΓêÜ uses the consumer labels for the pillar-name keys (1 ms)
    ΓêÜ has no remaining pillar-name occurrence in any string value (5 ms)
    ΓêÜ still keeps the upstream database proper nouns (3 ms)
  active consumer source files carry no pillar-name copy
    ΓêÜ src/components/TrustScoreInfoModal.tsx (5 ms)
    ΓêÜ src/components/EcoScoreInfoModal.tsx (6 ms)
    ΓêÜ src/components/TruScore.tsx (3 ms)
    ΓêÜ src/components/ScoreHighlightsList.tsx (4 ms)
    ΓêÜ src/components/ScoreHighlightsLookThroughModal.tsx (4 ms)
    ΓêÜ src/features/sharing/services/ShareContentBuilder.ts (4 ms)
    ΓêÜ src/services/shareCardGenerator.ts (3 ms)
    ΓêÜ src/services/ethicsPillarBannerAlerts.ts (3 ms)
    ΓêÜ routes the pillar names through the canonical helper (3 ms)
  internal naming is deliberately unchanged
    ΓêÜ keeps the Ethics/Open stable adjustment ID prefixes (1 ms)
    ΓêÜ keeps the internal breakdown keys on TruScoreResult
    ΓêÜ leaves the S28 diagnostics modal rendering internal pillar names (1 ms)

PASS src/__tests__/unit/lib/claims/claimsRescue.uat.test.ts (16.207 s)
  Claims Rescue Section 15 UAT
    ΓêÜ UAT-01 Set A; complete context; none High ΓåÆ +1 exact L2 (118 ms)
    ΓêÜ UAT-02 Two Set A; no High ΓåÆ one +1 synthesized list (39 ms)
    ΓêÜ UAT-03 Set A; High total sugars ΓåÆ -3 (3 ms)
    ΓêÜ UAT-04 Set A; High sat fat and sodium ΓåÆ one -3 list (3 ms)
    ΓêÜ UAT-05 Set A + Set B; High ΓåÆ one -3 (4 ms)
    ΓêÜ UAT-06 Set B only; no High ΓåÆ never +1 (8 ms)
    ΓêÜ UAT-07 Set B only; High sodium ΓåÆ -3 (2 ms)
    ΓêÜ UAT-08/09 Moderate and exact High threshold are not High triggers (7 ms)
    ΓêÜ UAT-10 Large-portion High override consumed (8 ms)
    ΓêÜ UAT-11 Total fat High ignored; governed three not High (2 ms)
    ΓêÜ UAT-12 NOVA 4 without A/B ΓåÆ no Claims NOVA story (1 ms)
    ΓêÜ UAT-13/14 NOVA 4 appends only after context story (4 ms)
    ΓêÜ UAT-15 Certified Organic suppresses claim-only +1 (2 ms)
    ΓêÜ UAT-16 Whole-product Organic claim only ΓåÆ +1 Set O (2 ms)
    ΓêÜ UAT-17 Ingredient-level organic excluded (1 ms)
    ΓêÜ UAT-22 assessed_neutral exact L2 (2 ms)
    ΓêÜ UAT-23 assessed_neutral + unclassified append (1 ms)
    ΓêÜ UAT-24 incomplete packet ΓåÆ unassessed; never neutral L2
    ΓêÜ UAT-25 opposing adjustments net 15 ΓåÆ assessed_scored (2 ms)
    ΓêÜ UAT-26 Set C only ΓåÆ record retained; no score (2 ms)
    ΓêÜ UAT-27 unlisted synonym ΓåÆ no match (2 ms)
    ΓêÜ UAT-28 A+B collision on same statement retains B (1 ms)
    ΓêÜ UAT-29 register version mismatch fails closed (2 ms)
    ΓêÜ UAT-30 missing sodium ΓåÆ no +1 (1 ms)
    ΓêÜ UAT-31 missing claim token suppresses story (1 ms)
    ΓêÜ UAT-32 three claims + three High ΓåÆ one -3 bounded lists (3 ms)
    ΓêÜ UAT-33 ordinary-user S28 gated off by default (1 ms)
    ΓêÜ UAT-36 normalisation does not invent synonyms (2 ms)
    ΓêÜ UAT-18 Fairtrade certification unchanged +6 (14 ms)
    ΓêÜ UAT-19 MSC/ASC/Rainforest certification points unchanged (6 ms)
    ΓêÜ UAT-20 KTC positive with valid entity remains company-level (4 ms)
    ΓêÜ UAT-21 BBFAW ambiguous / unresolved entity ΓåÆ no benchmark fire (3 ms)
    ΓêÜ UAT-34 founder/UAT S28 analysis carries Claims diagnostic payload (74 ms)
    ΓêÜ UAT-35 iOS/Android parity via shared Claims assessment payload (6 ms)
    ΓêÜ Certified Organic +3 on live ethics pillar; claim-only name ΓåÆ Set O +1 (5 ms)

Test Suites: 17 passed, 17 total
Tests:       351 passed, 351 total
Snapshots:   0 total
Time:        16.711 s
Ran all test suites matching /src\\__tests__\\unit\\lib\\claims\\|src\\__tests__\\unit\\lib\\pillars\\ethicsPillar.test
.ts|src\\__tests__\\unit\\lib\\scoreHighlights\\|src\\__tests__\\unit\\services\\ethicsCertificationsService.test.ts|sr
c\\__tests__\\unit\\config\\scoreDiagnostics.test.ts/i.
