node.exe : [BUILD] EXPO_PUBLIC_USDA_API_KEY not set - USDA data will not be available
At line:1 char:1
+ & "C:\Program Files\nodejs/node.exe" "C:\Program Files\nodejs/node_mo ...
+ ~~~~~~~~~~~~~~~~~~~~~~~~~~~~~~~~~~~~~~~~~~~~~~~~~~~~~~~~~~~~~~~~~~~~~
    + CategoryInfo          : NotSpecified: ([BUILD] EXPO_PU...ot be available:String) [], RemoteException
    + FullyQualifiedErrorId : NativeCommandError
 
[BUILD] EXPO_PUBLIC_USDA_API_KEY not set - USDA data will not be available
[BUILD] EXPO_PUBLIC_USDA_API_KEY not set - USDA data will not be available
[BUILD] EXPO_PUBLIC_USDA_API_KEY not set - USDA data will not be available
Starting Metro Bundler
| (node:15392) Warning: The 'NO_COLOR' env is ignored due to the 'FORCE_COLOR' env being set.
| (Use `node --trace-warnings ...` to show where the warning was created)
| (node:924) Warning: The 'NO_COLOR' env is ignored due to the 'FORCE_COLOR' env being set.
| (Use `node --trace-warnings ...` to show where the warning was created)
| (node:15912) Warning: The 'NO_COLOR' env is ignored due to the 'FORCE_COLOR' env being set.
| (Use `node --trace-warnings ...` to show where the warning was created)
| (node:3300) Warning: The 'NO_COLOR' env is ignored due to the 'FORCE_COLOR' env being set.
| (Use `node --trace-warnings ...` to show where the warning was created)
iOS .\index.js ΓûôΓûôΓûæΓûæΓûæΓûæΓûæΓûæΓûæΓûæΓûæΓûæΓûæΓûæΓûæΓûæ 17.4% ( 20/186)
| (node:11028) Warning: The 'NO_COLOR' env is ignored due to the 'FORCE_COLOR' env being set.
| (Use `node --trace-warnings ...` to show where the warning was created)
| (node:6800) Warning: The 'NO_COLOR' env is ignored due to the 'FORCE_COLOR' env being set.
| (Use `node --trace-warnings ...` to show where the warning was created)
iOS .\index.js ΓûôΓûôΓûæΓûæΓûæΓûæΓûæΓûæΓûæΓûæΓûæΓûæΓûæΓûæΓûæΓûæ 17.7% (216/513)
iOS .\index.js ΓûôΓûôΓûôΓûôΓûæΓûæΓûæΓûæΓûæΓûæΓûæΓûæΓûæΓûæΓûæΓûæ 29.4% (386/731)
iOS .\index.js ΓûôΓûôΓûôΓûôΓûôΓûôΓûæΓûæΓûæΓûæΓûæΓûæΓûæΓûæΓûæΓûæ 38.8% (585/939)
iOS .\index.js ΓûôΓûôΓûôΓûôΓûôΓûôΓûôΓûôΓûæΓûæΓûæΓûæΓûæΓûæΓûæΓûæ 51.7% ( 811/1162)
iOS .\index.js ΓûôΓûôΓûôΓûôΓûôΓûôΓûôΓûôΓûôΓûôΓûæΓûæΓûæΓûæΓûæΓûæ 62.8% (1060/1340)
iOS .\index.js ΓûôΓûôΓûôΓûôΓûôΓûôΓûôΓûôΓûôΓûôΓûôΓûæΓûæΓûæΓûæΓûæ 74.2% (1285/1507)
iOS .\index.js ΓûôΓûôΓûôΓûôΓûôΓûôΓûôΓûôΓûôΓûôΓûôΓûôΓûôΓûôΓûæΓûæ 90.1% (1496/1576)
iOS .\index.js ΓûôΓûôΓûôΓûôΓûôΓûôΓûôΓûôΓûôΓûôΓûôΓûôΓûôΓûôΓûôΓûæ 99.9% (1704/1704)
iOS Bundled 39024ms index.js (1704 modules)
iOS .\index.js ΓûôΓûôΓûôΓûôΓûôΓûôΓûôΓûôΓûôΓûôΓûôΓûôΓûôΓûôΓûôΓûæ 99.9% (1704/1704)

ΓÇ║ Assets (35):
..\TrueScan-FoodScanner\node_modules\@expo\vector-icons\build\vendor\react-native-vector-icons\Fonts\AntDesign.ttf (70.3 kB)
..\TrueScan-FoodScanner\node_modules\@expo\vector-icons\build\vendor\react-native-vector-icons\Fonts\Entypo.ttf (66.2 kB)
..\TrueScan-FoodScanner\node_modules\@expo\vector-icons\build\vendor\react-native-vector-icons\Fonts\EvilIcons.ttf (13.5 kB)
..\TrueScan-FoodScanner\node_modules\@expo\vector-icons\build\vendor\react-native-vector-icons\Fonts\Feather.ttf (56.2 kB)
..\TrueScan-FoodScanner\node_modules\@expo\vector-icons\build\vendor\react-native-vector-icons\Fonts\FontAwesome.ttf (166 kB)
..\TrueScan-FoodScanner\node_modules\@expo\vector-icons\build\vendor\react-native-vector-icons\Fonts\FontAwesome5_Brands.ttf (134 kB)
..\TrueScan-FoodScanner\node_modules\@expo\vector-icons\build\vendor\react-native-vector-icons\Fonts\FontAwesome5_Regular.ttf (33.7 kB)
..\TrueScan-FoodScanner\node_modules\@expo\vector-icons\build\vendor\react-native-vector-icons\Fonts\FontAwesome5_Solid.ttf (203 kB)
..\TrueScan-FoodScanner\node_modules\@expo\vector-icons\build\vendor\react-native-vector-icons\Fonts\FontAwesome6_Brands.ttf (209 kB)
..\TrueScan-FoodScanner\node_modules\@expo\vector-icons\build\vendor\react-native-vector-icons\Fonts\FontAwesome6_Regular.ttf (68 kB)
..\TrueScan-FoodScanner\node_modules\@expo\vector-icons\build\vendor\react-native-vector-icons\Fonts\FontAwesome6_Solid.ttf (424 kB)
..\TrueScan-FoodScanner\node_modules\@expo\vector-icons\build\vendor\react-native-vector-icons\Fonts\Fontisto.ttf (314 kB)
..\TrueScan-FoodScanner\node_modules\@expo\vector-icons\build\vendor\react-native-vector-icons\Fonts\Foundation.ttf (57 kB)
..\TrueScan-FoodScanner\node_modules\@expo\vector-icons\build\vendor\react-native-vector-icons\Fonts\Ionicons.ttf (443 kB)
..\TrueScan-FoodScanner\node_modules\@expo\vector-icons\build\vendor\react-native-vector-icons\Fonts\MaterialCommunityIcons.ttf (1.15 MB)
..\TrueScan-FoodScanner\node_modules\@expo\vector-icons\build\vendor\react-native-vector-icons\Fonts\MaterialIcons.ttf (357 kB)
..\TrueScan-FoodScanner\node_modules\@expo\vector-icons\build\vendor\react-native-vector-icons\Fonts\Octicons.ttf (49.4 kB)
..\TrueScan-FoodScanner\node_modules\@expo\vector-icons\build\vendor\react-native-vector-icons\Fonts\SimpleLineIcons.ttf (54.1 kB)
..\TrueScan-FoodScanner\node_modules\@expo\vector-icons\build\vendor\react-native-vector-icons\Fonts\Zocial.ttf (25.8 kB)
..\TrueScan-FoodScanner\node_modules\@react-navigation\elements\lib\module\assets\back-icon-mask.png (653 B)
..\TrueScan-FoodScanner\node_modules\@react-navigation\elements\lib\module\assets\back-icon.png (4 variations | 566 B)
..\TrueScan-FoodScanner\node_modules\@react-navigation\elements\lib\module\assets\clear-icon.png (4 variations | 425 B)
..\TrueScan-FoodScanner\node_modules\@react-navigation\elements\lib\module\assets\close-icon.png (4 variations | 235 B)
..\TrueScan-FoodScanner\node_modules\@react-navigation\elements\lib\module\assets\search-icon.png (3 variations | 582 B)

ΓÇ║ ios bundles (1):
_expo/static/js/ios/index-13518d97d4430738964546d7058c9108.hbc (6.8 MB)

ΓÇ║ Files (1):
metadata.json (2.57 kB)

Exported: dist-claims-corrective-DO-NOT-COMMIT/ios
